// Jest Snapshot v1, https://goo.gl/fbAQLP

exports[`InstructorSection renders correctly for desktop 1`] = `
{
  "asFragment": [Function],
  "baseElement": <body>
    <div>
      <div
        class="MuiContainer-root MuiContainer-maxWidthLg css-1oqqzyl-MuiContainer-root"
      >
        <div
          class="MuiStack-root css-153idv-MuiStack-root"
        >
          <h6
            class="MuiTypography-root MuiTypography-subtitle1 MuiTypography-gutterBottom css-16ra52y-MuiTypography-root"
          >
            category
          </h6>
          <h3
            class="MuiTypography-root MuiTypography-h3 css-1uokl1g-MuiTypography-root"
          >
            title
          </h3>
          <div
            class="MuiAvatar-root MuiAvatar-circular css-b6t4zq-MuiAvatar-root"
          >
            <img
              alt="instructor_header"
              class="MuiAvatar-img css-1pqm26d-MuiAvatar-img"
              src="/images/Profile-Business-Small.webp"
            />
          </div>
          <p
            class="MuiTypography-root MuiTypography-body1 css-159jqdy-MuiTypography-root"
          >
            <a
              class="MuiTypography-root MuiTypography-inherit MuiLink-root MuiLink-underlineHover css-1jcp6fe-MuiTypography-root-MuiLink-root"
              href="https://www.linkedin.com/in/ayltai/"
              target="_blank"
            >
              instructor_name
              <svg
                aria-hidden="true"
                class="MuiSvgIcon-root MuiSvgIcon-fontSizeSmall css-ptiqhd-MuiSvgIcon-root"
                data-testid="OpenInNewIcon"
                focusable="false"
                viewBox="0 0 24 24"
              >
                <path
                  d="M19 19H5V5h7V3H5c-1.11 0-2 .9-2 2v14c0 1.1.89 2 2 2h14c1.1 0 2-.9 2-2v-7h-2v7zM14 3v2h3.59l-9.83 9.83 1.41 1.41L19 6.41V10h2V3h-7z"
                />
              </svg>
            </a>
            line 1
            <br />
            <br />
            line 2
            <br />
            <br />
          </p>
          <div
            class="MuiGrid-root MuiGrid-container css-1wb8vpz-MuiGrid-root"
          >
            <div
              class="MuiGrid-root MuiGrid-container MuiGrid-item MuiGrid-grid-xs-6 css-wbqxy0-MuiGrid-root"
            >
              <div
                class="MuiBox-root css-a9n7s9"
              >
                <img
                  alt="experience_jpmc"
                  src="/images/jpmc.webp"
                  style="width: 120px; object-fit: scale-down;"
                />
              </div>
            </div>
            <div
              class="MuiGrid-root MuiGrid-container MuiGrid-item MuiGrid-grid-xs-6 css-wbqxy0-MuiGrid-root"
            >
              <div
                class="MuiBox-root css-a9n7s9"
              >
                <img
                  alt="experience_hsbc"
                  src="/images/hsbc.webp"
                  style="width: 120px; object-fit: scale-down;"
                />
              </div>
            </div>
            <div
              class="MuiGrid-root MuiGrid-container MuiGrid-item MuiGrid-grid-xs-6 css-wbqxy0-MuiGrid-root"
            >
              <div
                class="MuiBox-root css-a9n7s9"
              >
                <img
                  alt="experience_mox"
                  src="/images/mox.webp"
                  style="width: 120px; object-fit: scale-down;"
                />
              </div>
            </div>
            <div
              class="MuiGrid-root MuiGrid-container MuiGrid-item MuiGrid-grid-xs-6 css-wbqxy0-MuiGrid-root"
            >
              <div
                class="MuiBox-root css-a9n7s9"
              >
                <img
                  alt="experience_chc"
                  src="/images/chc.webp"
                  style="width: 120px; object-fit: scale-down;"
                />
              </div>
            </div>
            <div
              class="MuiGrid-root MuiGrid-container MuiGrid-item MuiGrid-grid-xs-6 css-wbqxy0-MuiGrid-root"
            >
              <div
                class="MuiBox-root css-a9n7s9"
              >
                <img
                  alt="experience_nhs"
                  src="/images/nhs.webp"
                  style="width: 120px; object-fit: scale-down;"
                />
              </div>
            </div>
            <div
              class="MuiGrid-root MuiGrid-container MuiGrid-item MuiGrid-grid-xs-6 css-wbqxy0-MuiGrid-root"
            >
              <div
                class="MuiBox-root css-a9n7s9"
              >
                <img
                  alt="experience_generali"
                  src="/images/generali.webp"
                  style="width: 120px; object-fit: scale-down;"
                />
              </div>
            </div>
          </div>
        </div>
      </div>
    </div>
  </body>,
  "container": <div>
    <div
      class="MuiContainer-root MuiContainer-maxWidthLg css-1oqqzyl-MuiContainer-root"
    >
      <div
        class="MuiStack-root css-153idv-MuiStack-root"
      >
        <h6
          class="MuiTypography-root MuiTypography-subtitle1 MuiTypography-gutterBottom css-16ra52y-MuiTypography-root"
        >
          category
        </h6>
        <h3
          class="MuiTypography-root MuiTypography-h3 css-1uokl1g-MuiTypography-root"
        >
          title
        </h3>
        <div
          class="MuiAvatar-root MuiAvatar-circular css-b6t4zq-MuiAvatar-root"
        >
          <img
            alt="instructor_header"
            class="MuiAvatar-img css-1pqm26d-MuiAvatar-img"
            src="/images/Profile-Business-Small.webp"
          />
        </div>
        <p
          class="MuiTypography-root MuiTypography-body1 css-159jqdy-MuiTypography-root"
        >
          <a
            class="MuiTypography-root MuiTypography-inherit MuiLink-root MuiLink-underlineHover css-1jcp6fe-MuiTypography-root-MuiLink-root"
            href="https://www.linkedin.com/in/ayltai/"
            target="_blank"
          >
            instructor_name
            <svg
              aria-hidden="true"
              class="MuiSvgIcon-root MuiSvgIcon-fontSizeSmall css-ptiqhd-MuiSvgIcon-root"
              data-testid="OpenInNewIcon"
              focusable="false"
              viewBox="0 0 24 24"
            >
              <path
                d="M19 19H5V5h7V3H5c-1.11 0-2 .9-2 2v14c0 1.1.89 2 2 2h14c1.1 0 2-.9 2-2v-7h-2v7zM14 3v2h3.59l-9.83 9.83 1.41 1.41L19 6.41V10h2V3h-7z"
              />
            </svg>
          </a>
          line 1
          <br />
          <br />
          line 2
          <br />
          <br />
        </p>
        <div
          class="MuiGrid-root MuiGrid-container css-1wb8vpz-MuiGrid-root"
        >
          <div
            class="MuiGrid-root MuiGrid-container MuiGrid-item MuiGrid-grid-xs-6 css-wbqxy0-MuiGrid-root"
          >
            <div
              class="MuiBox-root css-a9n7s9"
            >
              <img
                alt="experience_jpmc"
                src="/images/jpmc.webp"
                style="width: 120px; object-fit: scale-down;"
              />
            </div>
          </div>
          <div
            class="MuiGrid-root MuiGrid-container MuiGrid-item MuiGrid-grid-xs-6 css-wbqxy0-MuiGrid-root"
          >
            <div
              class="MuiBox-root css-a9n7s9"
            >
              <img
                alt="experience_hsbc"
                src="/images/hsbc.webp"
                style="width: 120px; object-fit: scale-down;"
              />
            </div>
          </div>
          <div
            class="MuiGrid-root MuiGrid-container MuiGrid-item MuiGrid-grid-xs-6 css-wbqxy0-MuiGrid-root"
          >
            <div
              class="MuiBox-root css-a9n7s9"
            >
              <img
                alt="experience_mox"
                src="/images/mox.webp"
                style="width: 120px; object-fit: scale-down;"
              />
            </div>
          </div>
          <div
            class="MuiGrid-root MuiGrid-container MuiGrid-item MuiGrid-grid-xs-6 css-wbqxy0-MuiGrid-root"
          >
            <div
              class="MuiBox-root css-a9n7s9"
            >
              <img
                alt="experience_chc"
                src="/images/chc.webp"
                style="width: 120px; object-fit: scale-down;"
              />
            </div>
          </div>
          <div
            class="MuiGrid-root MuiGrid-container MuiGrid-item MuiGrid-grid-xs-6 css-wbqxy0-MuiGrid-root"
          >
            <div
              class="MuiBox-root css-a9n7s9"
            >
              <img
                alt="experience_nhs"
                src="/images/nhs.webp"
                style="width: 120px; object-fit: scale-down;"
              />
            </div>
          </div>
          <div
            class="MuiGrid-root MuiGrid-container MuiGrid-item MuiGrid-grid-xs-6 css-wbqxy0-MuiGrid-root"
          >
            <div
              class="MuiBox-root css-a9n7s9"
            >
              <img
                alt="experience_generali"
                src="/images/generali.webp"
                style="width: 120px; object-fit: scale-down;"
              />
            </div>
          </div>
        </div>
      </div>
    </div>
  </div>,
  "debug": [Function],
  "findAllByAltText": [Function],
  "findAllByDisplayValue": [Function],
  "findAllByLabelText": [Function],
  "findAllByPlaceholderText": [Function],
  "findAllByRole": [Function],
  "findAllByTestId": [Function],
  "findAllByText": [Function],
  "findAllByTitle": [Function],
  "findByAltText": [Function],
  "findByDisplayValue": [Function],
  "findByLabelText": [Function],
  "findByPlaceholderText": [Function],
  "findByRole": [Function],
  "findByTestId": [Function],
  "findByText": [Function],
  "findByTitle": [Function],
  "getAllByAltText": [Function],
  "getAllByDisplayValue": [Function],
  "getAllByLabelText": [Function],
  "getAllByPlaceholderText": [Function],
  "getAllByRole": [Function],
  "getAllByTestId": [Function],
  "getAllByText": [Function],
  "getAllByTitle": [Function],
  "getByAltText": [Function],
  "getByDisplayValue": [Function],
  "getByLabelText": [Function],
  "getByPlaceholderText": [Function],
  "getByRole": [Function],
  "getByTestId": [Function],
  "getByText": [Function],
  "getByTitle": [Function],
  "queryAllByAltText": [Function],
  "queryAllByDisplayValue": [Function],
  "queryAllByLabelText": [Function],
  "queryAllByPlaceholderText": [Function],
  "queryAllByRole": [Function],
  "queryAllByTestId": [Function],
  "queryAllByText": [Function],
  "queryAllByTitle": [Function],
  "queryByAltText": [Function],
  "queryByDisplayValue": [Function],
  "queryByLabelText": [Function],
  "queryByPlaceholderText": [Function],
  "queryByRole": [Function],
  "queryByTestId": [Function],
  "queryByText": [Function],
  "queryByTitle": [Function],
  "rerender": [Function],
  "unmount": [Function],
}
`;
